C51 COMPILER V9.60.0.0   APP                                                               03/21/2021 15:45:44 PAGE 1   


C51 COMPILER V9.60.0.0, COMPILATION OF MODULE APP
OBJECT MODULE PLACED IN ..\output\app.obj
COMPILER INVOKED BY: D:\app\keilC51\C51\BIN\C51.EXE ..\source_files\app.c OPTIMIZE(8,SPEED) BROWSE DEBUG OBJECTEXTEND PR
                    -INT(.\Listings\app.lst) TABS(2) OBJECT(..\output\app.obj)

line level    source

   1          #include "config.h"
*** ERROR C141 IN LINE 4 OF ..\source_files\app.h: syntax error near 'keyvalue', expected ')'
*** ERROR C141 IN LINE 6 OF ..\source_files\lcd1602.h: syntax error near '8', expected ')'
*** ERROR C141 IN LINE 7 OF ..\source_files\lcd1602.h: syntax error near 'x', expected ')'
*** ERROR C141 IN LINE 8 OF ..\source_files\lcd1602.h: syntax error near 'x', expected ')'
   2          
   3          
   4          void key_0()
   5          {
   6   1        
   7   1      }
   8          
   9          void key_1()
  10          {
  11   1      
  12   1      }
  13          
  14          void key_2()
  15          {
  16   1        
  17   1      }
  18          
  19          void key_3()
  20          {
  21   1        
  22   1      }
  23          void key_4()
  24          {
  25   1        
  26   1      }
  27          
  28          void key_5()
  29          {
  30   1        
  31   1      }
  32          
  33          void key_6()
  34          {
  35   1        
  36   1      }
  37          
  38          void key_7()
  39          {
  40   1        
  41   1      }
  42          
  43          void key_8()
  44          {
  45   1        
  46   1      }
  47          
  48          void key_9()
  49          {
  50   1        
C51 COMPILER V9.60.0.0   APP                                                               03/21/2021 15:45:44 PAGE 2   

  51   1      }
  52          
  53          void key_10()
  54          {
  55   1        
  56   1      }
  57          
  58          void key_11()
  59          {
  60   1        
  61   1      }
  62          
  63          void key_12()
  64          {
  65   1        
  66   1      }
  67          
  68          void key_13()
  69          {
  70   1        
  71   1      }
  72          
  73          void key_14()
  74          {
  75   1        
  76   1      }
  77          
  78          void key_15()
  79          {
  80   1        
  81   1      }
  82          
  83          
  84          
  85          
  86          
  87          /**
  88           * @brief   按键功能映射函数
  89           * 
  90           * @param   keyvalue 
  91           * @return  无
  92           */
  93          void KeyAction(uchar keyvalue) {
  94   1        switch (keyvalue)
  95   1        {
  96   2          case 0: key_0(keyvalue); keyjudge = 1; break;
  97   2          case 1: key_1(keyvalue); keyjudge = 1; break; 
  98   2          case 2: key_2(keyvalue); keyjudge = 1; break; 
  99   2          case 3: key_3(keyvalue); keyjudge = 1; break;
 100   2          case 4: key_4(keyvalue); keyjudge = 1; break;
 101   2          case 5: key_5(keyvalue); keyjudge = 1; break;
 102   2          case 6: key_6(keyvalue); keyjudge = 1; break;
 103   2          case 7: key_7(keyvalue); keyjudge = 1; break;
 104   2          case 8: key_8(keyvalue); keyjudge = 1; break;
 105   2          case 9: key_9(keyvalue); keyjudge = 1; break;
 106   2          case 10: key_10(); keyjudge = 1; break;
 107   2          case 11: key_11(); keyjudge = 1; break;
 108   2          case 12: key_12(); keyjudge = 1; break;
 109   2          case 13: key_13(); keyjudge = 1; break;
 110   2          case 14: key_14(); keyjudge = 1; break;
 111   2          case 15: key_15(); keyjudge = 1; break;   
 112   2          default: break;
C51 COMPILER V9.60.0.0   APP                                                               03/21/2021 15:45:44 PAGE 3   

 113   2        }
 114   1      }

C51 COMPILATION COMPLETE.  0 WARNING(S),  4 ERROR(S)
